Archive member included to satisfy reference by file (symbol)

d:/program files/microchip/xc8/v2.36/avr/bin/../lib/gcc/avr/5.4.0/avr5/memx-const\libgcc.a(_divmodhi4.o)
                              main.o (__divmodhi4)
d:/program files/microchip/xc8/v2.36/avr/bin/../lib/gcc/avr/5.4.0/avr5/memx-const\libgcc.a(_copy_data.o)
                              main.o (__do_copy_data)
d:/program files/microchip/xc8/v2.36/avr/bin/../lib/gcc/avr/5.4.0/avr5/memx-const\libgcc.a(_udivmodhi4.o)
                              d:/program files/microchip/xc8/v2.36/avr/bin/../lib/gcc/avr/5.4.0/avr5/memx-const\libgcc.a(_divmodhi4.o) (__udivmodhi4)
d:/program files/microchip/xc8/v2.36/avr/bin/../lib/gcc/avr/5.4.0/../../../../avr/lib/avr5/memx-const\libc.a(exit.o)
                              D:/Atmel/Studio/7.0/Packs/atmel/ATmega_DFP/1.7.374/xc8/avr/lib/avr5/memx-const/crtatmega328p.o (exit)
d:/program files/microchip/xc8/v2.36/avr/bin/../lib/gcc/avr/5.4.0/../../../../avr/lib/avr5/memx-const\libc.a(_Exit.o)
                              d:/program files/microchip/xc8/v2.36/avr/bin/../lib/gcc/avr/5.4.0/../../../../avr/lib/avr5/memx-const\libc.a(exit.o) (_Exit)
d:/program files/microchip/xc8/v2.36/avr/bin/../lib/gcc/avr/5.4.0/avr5/memx-const\libgcc.a(_exit.o)
                              d:/program files/microchip/xc8/v2.36/avr/bin/../lib/gcc/avr/5.4.0/../../../../avr/lib/avr5/memx-const\libc.a(_Exit.o) (_exit)

Discarded input sections

 .data          0x0000000000000000        0x0 D:/Atmel/Studio/7.0/Packs/atmel/ATmega_DFP/1.7.374/xc8/avr/lib/avr5/memx-const/crtatmega328p.o
 .bss           0x0000000000000000        0x0 D:/Atmel/Studio/7.0/Packs/atmel/ATmega_DFP/1.7.374/xc8/avr/lib/avr5/memx-const/crtatmega328p.o
 .text          0x0000000000000000        0x0 main.o
 .data          0x0000000000000000        0x0 main.o
 .bss           0x0000000000000000        0x0 main.o
 .text.USART_Receive
                0x0000000000000000        0xe main.o
 .text          0x0000000000000000        0x0 d:/program files/microchip/xc8/v2.36/avr/bin/../lib/gcc/avr/5.4.0/avr5/memx-const\libgcc.a(_divmodhi4.o)
 .data          0x0000000000000000        0x0 d:/program files/microchip/xc8/v2.36/avr/bin/../lib/gcc/avr/5.4.0/avr5/memx-const\libgcc.a(_divmodhi4.o)
 .bss           0x0000000000000000        0x0 d:/program files/microchip/xc8/v2.36/avr/bin/../lib/gcc/avr/5.4.0/avr5/memx-const\libgcc.a(_divmodhi4.o)
 .text.libgcc.mul
                0x0000000000000000        0x0 d:/program files/microchip/xc8/v2.36/avr/bin/../lib/gcc/avr/5.4.0/avr5/memx-const\libgcc.a(_divmodhi4.o)
 .stack.descriptors
                0x0000000000000000       0x19 d:/program files/microchip/xc8/v2.36/avr/bin/../lib/gcc/avr/5.4.0/avr5/memx-const\libgcc.a(_divmodhi4.o)
 .text.libgcc   0x0000000000000000        0x0 d:/program files/microchip/xc8/v2.36/avr/bin/../lib/gcc/avr/5.4.0/avr5/memx-const\libgcc.a(_divmodhi4.o)
 .text.libgcc.prologue
                0x0000000000000000        0x0 d:/program files/microchip/xc8/v2.36/avr/bin/../lib/gcc/avr/5.4.0/avr5/memx-const\libgcc.a(_divmodhi4.o)
 .text.libgcc.builtins
                0x0000000000000000        0x0 d:/program files/microchip/xc8/v2.36/avr/bin/../lib/gcc/avr/5.4.0/avr5/memx-const\libgcc.a(_divmodhi4.o)
 .text.libgcc.fmul
                0x0000000000000000        0x0 d:/program files/microchip/xc8/v2.36/avr/bin/../lib/gcc/avr/5.4.0/avr5/memx-const\libgcc.a(_divmodhi4.o)
 .text.libgcc.fixed
                0x0000000000000000        0x0 d:/program files/microchip/xc8/v2.36/avr/bin/../lib/gcc/avr/5.4.0/avr5/memx-const\libgcc.a(_divmodhi4.o)
 .text          0x0000000000000000        0x0 d:/program files/microchip/xc8/v2.36/avr/bin/../lib/gcc/avr/5.4.0/avr5/memx-const\libgcc.a(_copy_data.o)
 .data          0x0000000000000000        0x0 d:/program files/microchip/xc8/v2.36/avr/bin/../lib/gcc/avr/5.4.0/avr5/memx-const\libgcc.a(_copy_data.o)
 .bss           0x0000000000000000        0x0 d:/program files/microchip/xc8/v2.36/avr/bin/../lib/gcc/avr/5.4.0/avr5/memx-const\libgcc.a(_copy_data.o)
 .text.libgcc.mul
                0x0000000000000000        0x0 d:/program files/microchip/xc8/v2.36/avr/bin/../lib/gcc/avr/5.4.0/avr5/memx-const\libgcc.a(_copy_data.o)
 .text.libgcc.div
                0x0000000000000000        0x0 d:/program files/microchip/xc8/v2.36/avr/bin/../lib/gcc/avr/5.4.0/avr5/memx-const\libgcc.a(_copy_data.o)
 .text.libgcc   0x0000000000000000        0x0 d:/program files/microchip/xc8/v2.36/avr/bin/../lib/gcc/avr/5.4.0/avr5/memx-const\libgcc.a(_copy_data.o)
 .text.libgcc.prologue
                0x0000000000000000        0x0 d:/program files/microchip/xc8/v2.36/avr/bin/../lib/gcc/avr/5.4.0/avr5/memx-const\libgcc.a(_copy_data.o)
 .text.libgcc.builtins
                0x0000000000000000        0x0 d:/program files/microchip/xc8/v2.36/avr/bin/../lib/gcc/avr/5.4.0/avr5/memx-const\libgcc.a(_copy_data.o)
 .text.libgcc.fmul
                0x0000000000000000        0x0 d:/program files/microchip/xc8/v2.36/avr/bin/../lib/gcc/avr/5.4.0/avr5/memx-const\libgcc.a(_copy_data.o)
 .text.libgcc.fixed
                0x0000000000000000        0x0 d:/program files/microchip/xc8/v2.36/avr/bin/../lib/gcc/avr/5.4.0/avr5/memx-const\libgcc.a(_copy_data.o)
 .text          0x0000000000000000        0x0 d:/program files/microchip/xc8/v2.36/avr/bin/../lib/gcc/avr/5.4.0/avr5/memx-const\libgcc.a(_udivmodhi4.o)
 .data          0x0000000000000000        0x0 d:/program files/microchip/xc8/v2.36/avr/bin/../lib/gcc/avr/5.4.0/avr5/memx-const\libgcc.a(_udivmodhi4.o)
 .bss           0x0000000000000000        0x0 d:/program files/microchip/xc8/v2.36/avr/bin/../lib/gcc/avr/5.4.0/avr5/memx-const\libgcc.a(_udivmodhi4.o)
 .text.libgcc.mul
                0x0000000000000000        0x0 d:/program files/microchip/xc8/v2.36/avr/bin/../lib/gcc/avr/5.4.0/avr5/memx-const\libgcc.a(_udivmodhi4.o)
 .stack.descriptors
                0x0000000000000000       0x1a d:/program files/microchip/xc8/v2.36/avr/bin/../lib/gcc/avr/5.4.0/avr5/memx-const\libgcc.a(_udivmodhi4.o)
 .text.libgcc   0x0000000000000000        0x0 d:/program files/microchip/xc8/v2.36/avr/bin/../lib/gcc/avr/5.4.0/avr5/memx-const\libgcc.a(_udivmodhi4.o)
 .text.libgcc.prologue
                0x0000000000000000        0x0 d:/program files/microchip/xc8/v2.36/avr/bin/../lib/gcc/avr/5.4.0/avr5/memx-const\libgcc.a(_udivmodhi4.o)
 .text.libgcc.builtins
                0x0000000000000000        0x0 d:/program files/microchip/xc8/v2.36/avr/bin/../lib/gcc/avr/5.4.0/avr5/memx-const\libgcc.a(_udivmodhi4.o)
 .text.libgcc.fmul
                0x0000000000000000        0x0 d:/program files/microchip/xc8/v2.36/avr/bin/../lib/gcc/avr/5.4.0/avr5/memx-const\libgcc.a(_udivmodhi4.o)
 .text.libgcc.fixed
                0x0000000000000000        0x0 d:/program files/microchip/xc8/v2.36/avr/bin/../lib/gcc/avr/5.4.0/avr5/memx-const\libgcc.a(_udivmodhi4.o)
 .text          0x0000000000000000        0x0 d:/program files/microchip/xc8/v2.36/avr/bin/../lib/gcc/avr/5.4.0/../../../../avr/lib/avr5/memx-const\libc.a(exit.o)
 .data          0x0000000000000000        0x0 d:/program files/microchip/xc8/v2.36/avr/bin/../lib/gcc/avr/5.4.0/../../../../avr/lib/avr5/memx-const\libc.a(exit.o)
 .bss           0x0000000000000000        0x0 d:/program files/microchip/xc8/v2.36/avr/bin/../lib/gcc/avr/5.4.0/../../../../avr/lib/avr5/memx-const\libc.a(exit.o)
 .text          0x0000000000000000        0x0 d:/program files/microchip/xc8/v2.36/avr/bin/../lib/gcc/avr/5.4.0/../../../../avr/lib/avr5/memx-const\libc.a(_Exit.o)
 .data          0x0000000000000000        0x0 d:/program files/microchip/xc8/v2.36/avr/bin/../lib/gcc/avr/5.4.0/../../../../avr/lib/avr5/memx-const\libc.a(_Exit.o)
 .bss           0x0000000000000000        0x0 d:/program files/microchip/xc8/v2.36/avr/bin/../lib/gcc/avr/5.4.0/../../../../avr/lib/avr5/memx-const\libc.a(_Exit.o)
 .text          0x0000000000000000        0x0 d:/program files/microchip/xc8/v2.36/avr/bin/../lib/gcc/avr/5.4.0/avr5/memx-const\libgcc.a(_exit.o)
 .data          0x0000000000000000        0x0 d:/program files/microchip/xc8/v2.36/avr/bin/../lib/gcc/avr/5.4.0/avr5/memx-const\libgcc.a(_exit.o)
 .bss           0x0000000000000000        0x0 d:/program files/microchip/xc8/v2.36/avr/bin/../lib/gcc/avr/5.4.0/avr5/memx-const\libgcc.a(_exit.o)
 .text.libgcc.mul
                0x0000000000000000        0x0 d:/program files/microchip/xc8/v2.36/avr/bin/../lib/gcc/avr/5.4.0/avr5/memx-const\libgcc.a(_exit.o)
 .text.libgcc.div
                0x0000000000000000        0x0 d:/program files/microchip/xc8/v2.36/avr/bin/../lib/gcc/avr/5.4.0/avr5/memx-const\libgcc.a(_exit.o)
 .text.libgcc   0x0000000000000000        0x0 d:/program files/microchip/xc8/v2.36/avr/bin/../lib/gcc/avr/5.4.0/avr5/memx-const\libgcc.a(_exit.o)
 .text.libgcc.prologue
                0x0000000000000000        0x0 d:/program files/microchip/xc8/v2.36/avr/bin/../lib/gcc/avr/5.4.0/avr5/memx-const\libgcc.a(_exit.o)
 .stack.descriptors
                0x0000000000000000       0x13 d:/program files/microchip/xc8/v2.36/avr/bin/../lib/gcc/avr/5.4.0/avr5/memx-const\libgcc.a(_exit.o)
 .text.libgcc.builtins
                0x0000000000000000        0x0 d:/program files/microchip/xc8/v2.36/avr/bin/../lib/gcc/avr/5.4.0/avr5/memx-const\libgcc.a(_exit.o)
 .text.libgcc.fmul
                0x0000000000000000        0x0 d:/program files/microchip/xc8/v2.36/avr/bin/../lib/gcc/avr/5.4.0/avr5/memx-const\libgcc.a(_exit.o)
 .text.libgcc.fixed
                0x0000000000000000        0x0 d:/program files/microchip/xc8/v2.36/avr/bin/../lib/gcc/avr/5.4.0/avr5/memx-const\libgcc.a(_exit.o)

Memory Configuration

Name             Origin             Length             Attributes
text             0x0000000000000000 0x0000000000008000 xr
data             0x0000000000800100 0x0000000000000800 rw !x
eeprom           0x0000000000810000 0x0000000000000400 rw !x
fuse             0x0000000000820000 0x0000000000000003 rw !x
lock             0x0000000000830000 0x0000000000000400 rw !x
signature        0x0000000000840000 0x0000000000000400 rw !x
user_signatures  0x0000000000850000 0x0000000000000400 rw !x
*default*        0x0000000000000000 0xffffffffffffffff

Linker script and memory map

Address of section .data set to 0x800100
LOAD D:/Atmel/Studio/7.0/Packs/atmel/ATmega_DFP/1.7.374/xc8/avr/lib/avr5/memx-const/crtatmega328p.o
LOAD main.o
START GROUP
LOAD d:/program files/microchip/xc8/v2.36/avr/bin/../lib/gcc/avr/5.4.0/../../../../avr/lib/avr5/memx-const\libm.a
END GROUP
START GROUP
LOAD d:/program files/microchip/xc8/v2.36/avr/bin/../lib/gcc/avr/5.4.0/avr5/memx-const\libgcc.a
LOAD d:/program files/microchip/xc8/v2.36/avr/bin/../lib/gcc/avr/5.4.0/../../../../avr/lib/avr5/memx-const\libm.a
LOAD d:/program files/microchip/xc8/v2.36/avr/bin/../lib/gcc/avr/5.4.0/../../../../avr/lib/avr5/memx-const\libc.a
LOAD D:/Atmel/Studio/7.0/Packs/atmel/ATmega_DFP/1.7.374/xc8/avr/lib/avr5/memx-const\libatmega328p.a
END GROUP
                0x0000000000000000                __TEXT_REGION_ORIGIN__ = DEFINED (__TEXT_REGION_ORIGIN__)?__TEXT_REGION_ORIGIN__:0x0
                [0x0000000000800100]                __DATA_REGION_ORIGIN__ = DEFINED (__DATA_REGION_ORIGIN__)?__DATA_REGION_ORIGIN__:0x800060
                [0x0000000000008000]                __TEXT_REGION_LENGTH__ = DEFINED (__TEXT_REGION_LENGTH__)?__TEXT_REGION_LENGTH__:0x20000
                [0x0000000000000800]                __DATA_REGION_LENGTH__ = DEFINED (__DATA_REGION_LENGTH__)?__DATA_REGION_LENGTH__:0xffa0
                [0x0000000000000400]                __EEPROM_REGION_LENGTH__ = DEFINED (__EEPROM_REGION_LENGTH__)?__EEPROM_REGION_LENGTH__:0x10000
                [0x0000000000000003]                __FUSE_REGION_LENGTH__ = DEFINED (__FUSE_REGION_LENGTH__)?__FUSE_REGION_LENGTH__:0x400
                0x0000000000000400                __LOCK_REGION_LENGTH__ = DEFINED (__LOCK_REGION_LENGTH__)?__LOCK_REGION_LENGTH__:0x400
                0x0000000000000400                __SIGNATURE_REGION_LENGTH__ = DEFINED (__SIGNATURE_REGION_LENGTH__)?__SIGNATURE_REGION_LENGTH__:0x400
                0x0000000000000400                __USER_SIGNATURE_REGION_LENGTH__ = DEFINED (__USER_SIGNATURE_REGION_LENGTH__)?__USER_SIGNATURE_REGION_LENGTH__:0x400

.hash
 *(.hash)

.dynsym
 *(.dynsym)

.dynstr
 *(.dynstr)

.gnu.version
 *(.gnu.version)

.gnu.version_d
 *(.gnu.version_d)

.gnu.version_r
 *(.gnu.version_r)

.rel.init
 *(.rel.init)

.rela.init
 *(.rela.init)

.rel.text
 *(.rel.text)
 *(.rel.text.*)
 *(.rel.gnu.linkonce.t*)

.rela.text
 *(.rela.text)
 *(.rela.text.*)
 *(.rela.gnu.linkonce.t*)

.rel.fini
 *(.rel.fini)

.rela.fini
 *(.rela.fini)

.rel.rodata
 *(.rel.rodata)
 *(.rel.rodata.*)
 *(.rel.gnu.linkonce.r*)

.rela.rodata
 *(.rela.rodata)
 *(.rela.rodata.*)
 *(.rela.gnu.linkonce.r*)

.rel.data
 *(.rel.data)
 *(.rel.data.*)
 *(.rel.gnu.linkonce.d*)

.rela.data
 *(.rela.data)
 *(.rela.data.*)
 *(.rela.gnu.linkonce.d*)

.rel.ctors
 *(.rel.ctors)

.rela.ctors
 *(.rela.ctors)

.rel.dtors
 *(.rel.dtors)

.rela.dtors
 *(.rela.dtors)

.rel.got
 *(.rel.got)

.rela.got
 *(.rela.got)

.rel.bss
 *(.rel.bss)

.rela.bss
 *(.rela.bss)

.rel.plt
 *(.rel.plt)

.rela.plt
 *(.rela.plt)

.text           0x0000000000000000       0xd4
 *(.vectors)
 .vectors       0x0000000000000000       0x68 D:/Atmel/Studio/7.0/Packs/atmel/ATmega_DFP/1.7.374/xc8/avr/lib/avr5/memx-const/crtatmega328p.o
                0x0000000000000000                __vector_default
                0x0000000000000000                __vectors
 *(.vectors)
 *(.progmem.gcc*)
 *(.dinit)
 .dinit         0x0000000000000068       0x18 data_init
                0x0000000000000080                . = ALIGN (0x2)
 *fill*         0x0000000000000080        0x0 
                0x0000000000000080                __trampolines_start = .
 *(.trampolines)
 .trampolines   0x0000000000000080        0x0 linker stubs
 *(.trampolines*)
                0x0000000000000080                __trampolines_end = .
 *libprintf_flt.a:*(.progmem.data)
 *libc.a:*(.progmem.data)
                0x0000000000000080                . = ALIGN (0x2)
 *(.jumptables)
 *(.jumptables*)
 *(.lowtext)
 *(.lowtext*)
                0x0000000000000080                __ctors_start = .
 *(.ctors)
                0x0000000000000080                __ctors_end = .
                0x0000000000000080                __dtors_start = .
 *(.dtors)
                0x0000000000000080                __dtors_end = .
 SORT(*)(.ctors)
 SORT(*)(.dtors)
 *(.init0)
 .init0         0x0000000000000080        0x0 D:/Atmel/Studio/7.0/Packs/atmel/ATmega_DFP/1.7.374/xc8/avr/lib/avr5/memx-const/crtatmega328p.o
                0x0000000000000080                __init
 *(.init0)
 *(.init1)
 *(.init1)
 *(.init2)
 .init2         0x0000000000000080        0xc D:/Atmel/Studio/7.0/Packs/atmel/ATmega_DFP/1.7.374/xc8/avr/lib/avr5/memx-const/crtatmega328p.o
 *(.init2)
 *(.init3)
 *(.init3)
 *(.init4)
 .init4         0x000000000000008c       0x3c d:/program files/microchip/xc8/v2.36/avr/bin/../lib/gcc/avr/5.4.0/avr5/memx-const\libgcc.a(_copy_data.o)
                0x000000000000008c                __do_copy_data
                0x00000000000000ba                __do_clear_bss
 *(.init4)
 *(.init5)
 *(.init5)
 *(.init6)
 *(.init6)
 *(.init7)
 *(.init7)
 *(.init8)
 *(.init8)
 *(.init9)
 .init9         0x00000000000000c8        0x8 D:/Atmel/Studio/7.0/Packs/atmel/ATmega_DFP/1.7.374/xc8/avr/lib/avr5/memx-const/crtatmega328p.o
 *(.init9)
                0x00000000000000d0                . = ALIGN (0x2)
 *(.fini9)
 .fini9         0x00000000000000d0        0x0 d:/program files/microchip/xc8/v2.36/avr/bin/../lib/gcc/avr/5.4.0/avr5/memx-const\libgcc.a(_exit.o)
                0x00000000000000d0                _exit
 *(.fini9)
 *(.fini8)
 *(.fini8)
 *(.fini7)
 *(.fini7)
 *(.fini6)
 *(.fini6)
 *(.fini5)
 *(.fini5)
 *(.fini4)
 *(.fini4)
 *(.fini3)
 *(.fini3)
 *(.fini2)
 *(.fini2)
 *(.fini1)
 *(.fini1)
 *(.fini0)
 .fini0         0x00000000000000d0        0x4 d:/program files/microchip/xc8/v2.36/avr/bin/../lib/gcc/avr/5.4.0/avr5/memx-const\libgcc.a(_exit.o)
 *(.fini0)
                0x00000000000000d4                _etext = .

.data           0x0000000000800100        0x0 load address 0x00000000000000d4
                [!provide]                        PROVIDE (__data_start, .)
 *(.gnu.linkonce.d*)
 *(.gnu.linkonce.r*)
                0x0000000000800100                . = ALIGN (0x2)
                0x0000000000800100                _edata = .
                [!provide]                        PROVIDE (__data_end, .)

.bss            0x0000000000800100        0x0
                [!provide]                        PROVIDE (__bss_start, .)
 *(COMMON)
                [!provide]                        PROVIDE (__bss_end, .)
                0x00000000000000d4                __data_load_start = LOADADDR (.data)
                0x00000000000000d4                __data_load_end = (__data_load_start + SIZEOF (.data))

.noinit         0x0000000000800100        0x0
                [!provide]                        PROVIDE (__noinit_start, .)
 *(.noinit*)
                [!provide]                        PROVIDE (__noinit_end, .)
                0x0000000000800100                _end = .

.eeprom         0x0000000000810000        0x0
 *(.eeprom*)
                0x0000000000810000                __eeprom_end = .

.fuse
 *(.fuse)
 *(.lfuse)
 *(.hfuse)
 *(.efuse)

.lock
 *(.lock*)

.signature
 *(.signature*)

.user_signatures
 *(.user_signatures*)

.stab
 *(.stab)

.stabstr
 *(.stabstr)

.stab.excl
 *(.stab.excl)

.stab.exclstr
 *(.stab.exclstr)

.stab.index
 *(.stab.index)

.stab.indexstr
 *(.stab.indexstr)

.comment        0x0000000000000000       0x2f
 *(.comment)
 .comment       0x0000000000000000       0x2f main.o
                                         0x30 (size before relaxing)
 .comment       0x000000000000002f       0x30 d:/program files/microchip/xc8/v2.36/avr/bin/../lib/gcc/avr/5.4.0/../../../../avr/lib/avr5/memx-const\libc.a(exit.o)
 .comment       0x000000000000002f       0x30 d:/program files/microchip/xc8/v2.36/avr/bin/../lib/gcc/avr/5.4.0/../../../../avr/lib/avr5/memx-const\libc.a(_Exit.o)

.stack.descriptors.hdr
                0x0000000000000000       0x2a
 .stack.descriptors.hdr
                0x0000000000000000        0xe d:/program files/microchip/xc8/v2.36/avr/bin/../lib/gcc/avr/5.4.0/avr5/memx-const\libgcc.a(_divmodhi4.o)
 .stack.descriptors.hdr
                0x000000000000000e        0xe d:/program files/microchip/xc8/v2.36/avr/bin/../lib/gcc/avr/5.4.0/avr5/memx-const\libgcc.a(_udivmodhi4.o)
 .stack.descriptors.hdr
                0x000000000000001c        0xe d:/program files/microchip/xc8/v2.36/avr/bin/../lib/gcc/avr/5.4.0/avr5/memx-const\libgcc.a(_exit.o)

.note.GNU-stack
                0x0000000000000000        0x0
 .note.GNU-stack
                0x0000000000000000        0x0 d:/program files/microchip/xc8/v2.36/avr/bin/../lib/gcc/avr/5.4.0/../../../../avr/lib/avr5/memx-const\libc.a(exit.o)
 .note.GNU-stack
                0x0000000000000000        0x0 d:/program files/microchip/xc8/v2.36/avr/bin/../lib/gcc/avr/5.4.0/../../../../avr/lib/avr5/memx-const\libc.a(_Exit.o)

.note.gnu.build-id
 *(.note.gnu.build-id)

.debug
 *(.debug)

.line
 *(.line)

.debug_srcinfo
 *(.debug_srcinfo)

.debug_sfnames
 *(.debug_sfnames)

.debug_aranges  0x0000000000000000       0x78
 *(.debug_aranges)
 .debug_aranges
                0x0000000000000000       0x78 main.o

.debug_pubnames
 *(.debug_pubnames)

.debug_info     0x0000000000000000     0x266d
 *(.debug_info .gnu.linkonce.wi.*)
 .debug_info    0x0000000000000000      0x5f4 D:/Atmel/Studio/7.0/Packs/atmel/ATmega_DFP/1.7.374/xc8/avr/lib/avr5/memx-const/crtatmega328p.o
 .debug_info    0x00000000000005f4     0x2079 main.o

.debug_abbrev   0x0000000000000000      0x7ea
 *(.debug_abbrev)
 .debug_abbrev  0x0000000000000000      0x5a2 D:/Atmel/Studio/7.0/Packs/atmel/ATmega_DFP/1.7.374/xc8/avr/lib/avr5/memx-const/crtatmega328p.o
 .debug_abbrev  0x00000000000005a2      0x248 main.o

.debug_line     0x0000000000000000     0x12f8
 *(.debug_line .debug_line.* .debug_line_end)
 .debug_line    0x0000000000000000      0x137 D:/Atmel/Studio/7.0/Packs/atmel/ATmega_DFP/1.7.374/xc8/avr/lib/avr5/memx-const/crtatmega328p.o
 .debug_line    0x0000000000000137     0x11c1 main.o

.debug_frame    0x0000000000000000      0x194
 *(.debug_frame)
 .debug_frame   0x0000000000000000      0x194 main.o

.debug_str      0x0000000000000000      0x211
 *(.debug_str)
 .debug_str     0x0000000000000000      0x208 D:/Atmel/Studio/7.0/Packs/atmel/ATmega_DFP/1.7.374/xc8/avr/lib/avr5/memx-const/crtatmega328p.o
 .debug_str     0x0000000000000208        0x9 main.o

.debug_loc      0x0000000000000000     0x12e6
 *(.debug_loc)
 .debug_loc     0x0000000000000000     0x12e6 main.o

.debug_macinfo
 *(.debug_macinfo)

.debug_weaknames
 *(.debug_weaknames)

.debug_funcnames
 *(.debug_funcnames)

.debug_typenames
 *(.debug_typenames)

.debug_varnames
 *(.debug_varnames)

.debug_pubtypes
 *(.debug_pubtypes)

.debug_ranges   0x0000000000000000      0x1e8
 *(.debug_ranges)
 .debug_ranges  0x0000000000000000      0x1e8 main.o

.debug_macro
 *(.debug_macro)
OUTPUT(Laboratorio III.elf elf32-avr)
LOAD linker stubs
LOAD data_init

.note.gnu.avr.deviceinfo
                0x0000000000000000       0x40
 .note.gnu.avr.deviceinfo
                0x0000000000000000       0x40 D:/Atmel/Studio/7.0/Packs/atmel/ATmega_DFP/1.7.374/xc8/avr/lib/avr5/memx-const/crtatmega328p.o

.bss.PASOS      0x00000000008001d2        0x2
 .bss.PASOS     0x00000000008001d2        0x2 main.o
                0x00000000008001d2                PASOS

.bss.selectedOption
                0x00000000008001d4        0x2
 .bss.selectedOption
                0x00000000008001d4        0x2 main.o
                0x00000000008001d4                selectedOption

.bss.state      0x00000000008001de        0x1
 .bss.state     0x00000000008001de        0x1 main.o
                0x00000000008001de                state

.bss.derecha    0x00000000008001d6        0x2
 .bss.derecha   0x00000000008001d6        0x2 main.o
                0x00000000008001d6                derecha

.bss.izquierda  0x00000000008001d8        0x2
 .bss.izquierda
                0x00000000008001d8        0x2 main.o
                0x00000000008001d8                izquierda

.bss.LIBRE      0x00000000008001da        0x2
 .bss.LIBRE     0x00000000008001da        0x2 main.o
                0x00000000008001da                LIBRE

.text.handle_state
                0x00000000000000d4      0xa06
 .text.handle_state
                0x00000000000000d4      0xa06 main.o
                0x00000000000000d4                handle_state

.text.__vector_1
                0x0000000000000ada      0x19c
 .text.__vector_1
                0x0000000000000ada      0x19c main.o
                0x0000000000000ada                __vector_1

.text.main      0x0000000000000c76      0x13c
 .text.main     0x0000000000000c76      0x13c main.o
                0x0000000000000c76                main

.text.setStepX  0x0000000000000db2       0xee
 .text.setStepX
                0x0000000000000db2       0xee main.o
                0x0000000000000db2                setStepX

.text.setStepY  0x0000000000000ea0       0xee
 .text.setStepY
                0x0000000000000ea0       0xee main.o
                0x0000000000000ea0                setStepY

.text.__vector_2
                0x0000000000000f8e       0xee
 .text.__vector_2
                0x0000000000000f8e       0xee main.o
                0x0000000000000f8e                __vector_2

.text.circulopasosX
                0x000000000000107c       0x60
 .text.circulopasosX
                0x000000000000107c       0x60 main.o
                0x000000000000107c                circulopasosX

.text.circulopasosY
                0x00000000000010dc       0x60
 .text.circulopasosY
                0x00000000000010dc       0x60 main.o
                0x00000000000010dc                circulopasosY

.text.libgcc.div
                0x000000000000113c       0x28
 .text.libgcc.div
                0x000000000000113c       0x28 d:/program files/microchip/xc8/v2.36/avr/bin/../lib/gcc/avr/5.4.0/avr5/memx-const\libgcc.a(_divmodhi4.o)
                0x000000000000113c                _div
                0x000000000000113c                __divmodhi4

.text.libgcc.div
                0x0000000000001164       0x28
 .text.libgcc.div
                0x0000000000001164       0x28 d:/program files/microchip/xc8/v2.36/avr/bin/../lib/gcc/avr/5.4.0/avr5/memx-const\libgcc.a(_udivmodhi4.o)
                0x0000000000001164                __udivmodhi4

.text.USART_Init
                0x000000000000118c       0x16
 .text.USART_Init
                0x000000000000118c       0x16 main.o
                0x000000000000118c                USART_Init

.text.exit      0x00000000000011a2       0x16
 .text.exit     0x00000000000011a2       0x16 d:/program files/microchip/xc8/v2.36/avr/bin/../lib/gcc/avr/5.4.0/../../../../avr/lib/avr5/memx-const\libc.a(exit.o)
                0x00000000000011a2                exit

.text.ConfigInterrupciones
                0x00000000000011b8       0x14
 .text.ConfigInterrupciones
                0x00000000000011b8       0x14 main.o
                0x00000000000011b8                ConfigInterrupciones

.text.USART_Transmit
                0x00000000000011cc        0xe
 .text.USART_Transmit
                0x00000000000011cc        0xe main.o
                0x00000000000011cc                USART_Transmit

.text           0x00000000000011da        0x4
 .text          0x00000000000011da        0x4 D:/Atmel/Studio/7.0/Packs/atmel/ATmega_DFP/1.7.374/xc8/avr/lib/avr5/memx-const/crtatmega328p.o
                0x00000000000011da                __vector_22
                0x00000000000011da                __vector_24
                0x00000000000011da                __vector_12
                0x00000000000011da                __bad_interrupt
                0x00000000000011da                __vector_6
                0x00000000000011da                __vector_3
                0x00000000000011da                __vector_23
                0x00000000000011da                __vector_25
                0x00000000000011da                __vector_11
                0x00000000000011da                __vector_13
                0x00000000000011da                __vector_17
                0x00000000000011da                __vector_19
                0x00000000000011da                __vector_7
                0x00000000000011da                __vector_5
                0x00000000000011da                __vector_4
                0x00000000000011da                __vector_9
                0x00000000000011da                __vector_21
                0x00000000000011da                __vector_15
                0x00000000000011da                __vector_8
                0x00000000000011da                __vector_14
                0x00000000000011da                __vector_10
                0x00000000000011da                __vector_16
                0x00000000000011da                __vector_18
                0x00000000000011da                __vector_20

.text._Exit     0x00000000000011de        0x4
 .text._Exit    0x00000000000011de        0x4 d:/program files/microchip/xc8/v2.36/avr/bin/../lib/gcc/avr/5.4.0/../../../../avr/lib/avr5/memx-const\libc.a(_Exit.o)
                0x00000000000011de                _Exit

.text.__dummy_fini
                0x00000000000011e2        0x2
 .text.__dummy_fini
                0x00000000000011e2        0x2 d:/program files/microchip/xc8/v2.36/avr/bin/../lib/gcc/avr/5.4.0/../../../../avr/lib/avr5/memx-const\libc.a(exit.o)
                0x00000000000011e2                _fini

.text.__dummy_funcs_on_exit
                0x00000000000011e4        0x2
 .text.__dummy_funcs_on_exit
                0x00000000000011e4        0x2 d:/program files/microchip/xc8/v2.36/avr/bin/../lib/gcc/avr/5.4.0/../../../../avr/lib/avr5/memx-const\libc.a(exit.o)
                0x00000000000011e4                __funcs_on_exit

.text.__dummy_simulator_exit
                0x00000000000011e6        0x2
 .text.__dummy_simulator_exit
                0x00000000000011e6        0x2 d:/program files/microchip/xc8/v2.36/avr/bin/../lib/gcc/avr/5.4.0/../../../../avr/lib/avr5/memx-const\libc.a(exit.o)
                0x00000000000011e6                __simulator_exit

.rodata         0x0000000000800100       0x40 load address 0x00000000000011e8
 .rodata        0x0000000000800100       0x40 main.o

.data.stringf   0x0000000000800140       0x19 load address 0x0000000000001228
 .data.stringf  0x0000000000800140       0x19 main.o
                0x0000000000800140                stringf

.data.strings   0x0000000000800159       0x16 load address 0x0000000000001241
 .data.strings  0x0000000000800159       0x16 main.o
                0x0000000000800159                strings

.data.stringdf  0x000000000080016f       0x12 load address 0x0000000000001257
 .data.stringdf
                0x000000000080016f       0x12 main.o
                0x000000000080016f                stringdf

.data.stringml  0x0000000000800181        0xf load address 0x0000000000001269
 .data.stringml
                0x0000000000800181        0xf main.o
                0x0000000000800181                stringml

.data.stringds  0x0000000000800190        0xe load address 0x0000000000001278
 .data.stringds
                0x0000000000800190        0xe main.o
                0x0000000000800190                stringds

.data.string4   0x000000000080019e        0xd load address 0x0000000000001286
 .data.string4  0x000000000080019e        0xd main.o
                0x000000000080019e                string4

.data.string3   0x00000000008001ab        0xd load address 0x0000000000001293
 .data.string3  0x00000000008001ab        0xd main.o
                0x00000000008001ab                string3

.data.string2   0x00000000008001b8        0xd load address 0x00000000000012a0
 .data.string2  0x00000000008001b8        0xd main.o
                0x00000000008001b8                string2

.data.string1   0x00000000008001c5        0xd load address 0x00000000000012ad
 .data.string1  0x00000000008001c5        0xd main.o
                0x00000000008001c5                string1

.data.MENU      0x00000000008001dc        0x2 load address 0x00000000000012ba
 .data.MENU     0x00000000008001dc        0x2 main.o
                0x00000000008001dc                MENU
